// Jest Snapshot v1, https://goo.gl/fbAQLP

exports[`api middleware error should dispatch error 1`] = `
Array [
  Object {
    "error": true,
    "payload": [Error: [object Object]],
    "type": "API_ERROR",
  },
]
`;
